[2026-08-16 23:03:21Z INFO HostContext] No proxy settings were found based on environmental variables (http_proxy/https_proxy/HTTP_PROXY/HTTPS_PROXY)
[2026-08-16 23:03:21Z INFO HostContext] Well known directory 'Bin': 'D:\Devops insider class\github repo\di-b18-infra-main\new-cicd-pipeline\actions-runner\bin'
[2026-08-16 23:03:21Z INFO HostContext] Well known directory 'Root': 'D:\Devops insider class\github repo\di-b18-infra-main\new-cicd-pipeline\actions-runner'
[2026-08-16 23:03:21Z INFO HostContext] Well known config file 'Credentials': 'D:\Devops insider class\github repo\di-b18-infra-main\new-cicd-pipeline\actions-runner\.credentials'
[2026-08-16 23:03:21Z INFO HostContext] Well known directory 'Bin': 'D:\Devops insider class\github repo\di-b18-infra-main\new-cicd-pipeline\actions-runner\bin'
[2026-08-16 23:03:21Z INFO HostContext] Well known directory 'Root': 'D:\Devops insider class\github repo\di-b18-infra-main\new-cicd-pipeline\actions-runner'
[2026-08-16 23:03:21Z INFO HostContext] Well known config file 'Runner': 'D:\Devops insider class\github repo\di-b18-infra-main\new-cicd-pipeline\actions-runner\.runner'
[2026-08-16 23:03:21Z INFO Listener] Runner is built for Windows (X64) - win-x64.
[2026-08-16 23:03:21Z INFO Listener] RuntimeInformation: Microsoft Windows 10.0.19045.
[2026-08-16 23:03:21Z INFO Listener] Version: 2.336.0
[2026-08-16 23:03:21Z INFO Listener] Commit: 98aabcd429c4e8402406c56ce2d26387fed3b9ce
[2026-08-16 23:03:21Z INFO Listener] Culture: en-US
[2026-08-16 23:03:21Z INFO Listener] UI Culture: en-US
[2026-08-16 23:03:21Z INFO HostContext] Well known directory 'Bin': 'D:\Devops insider class\github repo\di-b18-infra-main\new-cicd-pipeline\actions-runner\bin'
[2026-08-16 23:03:21Z INFO HostContext] Well known directory 'Root': 'D:\Devops insider class\github repo\di-b18-infra-main\new-cicd-pipeline\actions-runner'
[2026-08-16 23:03:21Z INFO Listener] Validating directory permissions for: 'D:\Devops insider class\github repo\di-b18-infra-main\new-cicd-pipeline\actions-runner'
[2026-08-16 23:03:21Z INFO CommandLineParser] Parse
[2026-08-16 23:03:21Z INFO CommandLineParser] Parsing 1 args
[2026-08-16 23:03:21Z INFO CommandLineParser] parsing argument
[2026-08-16 23:03:21Z INFO CommandLineParser] HasArgs: False
[2026-08-16 23:03:21Z INFO CommandLineParser] Adding Command: run
[2026-08-16 23:03:21Z INFO Listener] Arguments parsed
[2026-08-16 23:03:21Z INFO Runner] ExecuteCommand
[2026-08-16 23:03:21Z INFO ConfigurationStore] currentAssemblyLocation: D:\Devops insider class\github repo\di-b18-infra-main\new-cicd-pipeline\actions-runner\bin\Runner.Listener.dll
[2026-08-16 23:03:21Z INFO HostContext] Well known directory 'Bin': 'D:\Devops insider class\github repo\di-b18-infra-main\new-cicd-pipeline\actions-runner\bin'
[2026-08-16 23:03:21Z INFO ConfigurationStore] binPath: D:\Devops insider class\github repo\di-b18-infra-main\new-cicd-pipeline\actions-runner\bin
[2026-08-16 23:03:21Z INFO HostContext] Well known directory 'Bin': 'D:\Devops insider class\github repo\di-b18-infra-main\new-cicd-pipeline\actions-runner\bin'
[2026-08-16 23:03:21Z INFO HostContext] Well known directory 'Root': 'D:\Devops insider class\github repo\di-b18-infra-main\new-cicd-pipeline\actions-runner'
[2026-08-16 23:03:21Z INFO ConfigurationStore] RootFolder: D:\Devops insider class\github repo\di-b18-infra-main\new-cicd-pipeline\actions-runner
[2026-08-16 23:03:21Z INFO HostContext] Well known directory 'Bin': 'D:\Devops insider class\github repo\di-b18-infra-main\new-cicd-pipeline\actions-runner\bin'
[2026-08-16 23:03:21Z INFO HostContext] Well known directory 'Root': 'D:\Devops insider class\github repo\di-b18-infra-main\new-cicd-pipeline\actions-runner'
[2026-08-16 23:03:21Z INFO HostContext] Well known config file 'Runner': 'D:\Devops insider class\github repo\di-b18-infra-main\new-cicd-pipeline\actions-runner\.runner'
[2026-08-16 23:03:21Z INFO ConfigurationStore] ConfigFilePath: D:\Devops insider class\github repo\di-b18-infra-main\new-cicd-pipeline\actions-runner\.runner
[2026-08-16 23:03:21Z INFO HostContext] Well known directory 'Bin': 'D:\Devops insider class\github repo\di-b18-infra-main\new-cicd-pipeline\actions-runner\bin'
[2026-08-16 23:03:21Z INFO HostContext] Well known directory 'Root': 'D:\Devops insider class\github repo\di-b18-infra-main\new-cicd-pipeline\actions-runner'
[2026-08-16 23:03:21Z INFO HostContext] Well known config file 'MigratedRunner': 'D:\Devops insider class\github repo\di-b18-infra-main\new-cicd-pipeline\actions-runner\.runner_migrated'
[2026-08-16 23:03:21Z INFO ConfigurationStore] MigratedConfigFilePath: D:\Devops insider class\github repo\di-b18-infra-main\new-cicd-pipeline\actions-runner\.runner_migrated
[2026-08-16 23:03:21Z INFO HostContext] Well known directory 'Bin': 'D:\Devops insider class\github repo\di-b18-infra-main\new-cicd-pipeline\actions-runner\bin'
[2026-08-16 23:03:21Z INFO HostContext] Well known directory 'Root': 'D:\Devops insider class\github repo\di-b18-infra-main\new-cicd-pipeline\actions-runner'
[2026-08-16 23:03:21Z INFO HostContext] Well known config file 'Credentials': 'D:\Devops insider class\github repo\di-b18-infra-main\new-cicd-pipeline\actions-runner\.credentials'
[2026-08-16 23:03:21Z INFO ConfigurationStore] CredFilePath: D:\Devops insider class\github repo\di-b18-infra-main\new-cicd-pipeline\actions-runner\.credentials
[2026-08-16 23:03:21Z INFO HostContext] Well known directory 'Bin': 'D:\Devops insider class\github repo\di-b18-infra-main\new-cicd-pipeline\actions-runner\bin'
[2026-08-16 23:03:21Z INFO HostContext] Well known directory 'Root': 'D:\Devops insider class\github repo\di-b18-infra-main\new-cicd-pipeline\actions-runner'
[2026-08-16 23:03:21Z INFO HostContext] Well known config file 'MigratedCredentials': 'D:\Devops insider class\github repo\di-b18-infra-main\new-cicd-pipeline\actions-runner\.credentials_migrated'
[2026-08-16 23:03:21Z INFO ConfigurationStore] MigratedCredFilePath: D:\Devops insider class\github repo\di-b18-infra-main\new-cicd-pipeline\actions-runner\.credentials_migrated
[2026-08-16 23:03:21Z INFO HostContext] Well known directory 'Bin': 'D:\Devops insider class\github repo\di-b18-infra-main\new-cicd-pipeline\actions-runner\bin'
[2026-08-16 23:03:21Z INFO HostContext] Well known directory 'Root': 'D:\Devops insider class\github repo\di-b18-infra-main\new-cicd-pipeline\actions-runner'
[2026-08-16 23:03:21Z INFO HostContext] Well known config file 'Service': 'D:\Devops insider class\github repo\di-b18-infra-main\new-cicd-pipeline\actions-runner\.service'
[2026-08-16 23:03:21Z INFO ConfigurationStore] ServiceConfigFilePath: D:\Devops insider class\github repo\di-b18-infra-main\new-cicd-pipeline\actions-runner\.service
[2026-08-16 23:03:21Z INFO CommandSettings] Flag 'help': 'False'
[2026-08-16 23:03:21Z INFO CommandSettings] Flag 'version': 'False'
[2026-08-16 23:03:21Z INFO CommandSettings] Flag 'commit': 'False'
[2026-08-16 23:03:21Z INFO CommandSettings] Flag 'check': 'False'
[2026-08-16 23:03:21Z INFO CommandSettings] Command 'configure': 'False'
[2026-08-16 23:03:21Z INFO CommandSettings] Command 'remove': 'False'
[2026-08-16 23:03:21Z INFO CommandSettings] Command 'warmup': 'False'
[2026-08-16 23:03:21Z INFO ConfigurationManager] LoadSettings
[2026-08-16 23:03:21Z INFO ConfigurationStore] IsConfigured()
[2026-08-16 23:03:21Z INFO ConfigurationStore] IsConfigured: True
[2026-08-16 23:03:21Z INFO ConfigurationManager] Is configured: True
[2026-08-16 23:03:21Z INFO ConfigurationStore] Read setting file: 404 chars
[2026-08-16 23:03:21Z INFO ConfigurationManager] Settings Loaded
[2026-08-16 23:03:21Z INFO ConfigurationStore] IsServiceConfigured()
[2026-08-16 23:03:21Z INFO ConfigurationStore] IsServiceConfigured: False
[2026-08-16 23:03:21Z INFO CommandSettings] Command 'run': 'True'
[2026-08-16 23:03:21Z INFO ConfigurationStore] IsConfigured()
[2026-08-16 23:03:21Z INFO ConfigurationStore] IsConfigured: True
[2026-08-16 23:03:21Z INFO ConfigurationManager] Is configured: True
[2026-08-16 23:03:21Z INFO Runner] Could not parse the argument value '' for StartupType. Defaulting to Manual
[2026-08-16 23:03:21Z INFO Runner] Set runner startup type - Manual
[2026-08-16 23:03:21Z INFO CommandSettings] Flag 'once': 'False'
[2026-08-16 23:03:21Z INFO CommandSettings] Flag 'once': 'False'
[2026-08-16 23:03:21Z INFO Runner] RunAsync
[2026-08-16 23:03:21Z INFO HostContext] Well known directory 'Bin': 'D:\Devops insider class\github repo\di-b18-infra-main\new-cicd-pipeline\actions-runner\bin'
[2026-08-16 23:03:21Z INFO HostContext] Well known directory 'Root': 'D:\Devops insider class\github repo\di-b18-infra-main\new-cicd-pipeline\actions-runner'
[2026-08-16 23:03:21Z INFO HostContext] Well known directory 'Work': 'D:\Devops insider class\github repo\di-b18-infra-main\new-cicd-pipeline\actions-runner\_work'
[2026-08-16 23:03:21Z INFO Runner] Validating directory permissions for: 'D:\Devops insider class\github repo\di-b18-infra-main\new-cicd-pipeline\actions-runner\_work'
[2026-08-16 23:03:21Z INFO ConfigurationManager] LoadMigratedSettings
[2026-08-16 23:03:21Z INFO ConfigurationStore] IsMigratedConfigured()
[2026-08-16 23:03:21Z INFO ConfigurationStore] IsMigratedConfigured: False
[2026-08-16 23:03:21Z INFO Runner] Failed to load migrated settings: No migrated configuration found.
[2026-08-16 23:03:21Z INFO Runner] Falling back to original .runner settings
[2026-08-16 23:03:21Z INFO Runner] Using BrokerMessageListener
[2026-08-16 23:03:21Z INFO BrokerMessageListener] Using provided settings
[2026-08-16 23:03:21Z INFO BrokerMessageListener] {
  "AgentId": 2,
  "AgentName": "VICKY",
  "PoolId": 1,
  "PoolName": "Default",
  "ServerUrl": "https://pipelinesghubeus7.actions.githubusercontent.com/qjOfhT9sd9giuNV33Q0q8qdKuTPXYC2x5dFJix2T1aVJ4Xu8oy/",
  "GitHubUrl": "https://github.com/vivekparate89-cmyk/new-cicd-pipeline",
  "WorkFolder": "_work",
  "UseV2Flow": true,
  "ServerUrlV2": "https://broker.actions.githubusercontent.com/"
}
[2026-08-16 23:03:21Z INFO BrokerMessageListener] Loading Credentials
[2026-08-16 23:03:21Z INFO ConfigurationStore] HasCredentials()
[2026-08-16 23:03:21Z INFO ConfigurationStore] stored True
[2026-08-16 23:03:21Z INFO CredentialManager] GetCredentialProvider
[2026-08-16 23:03:21Z INFO CredentialManager] Creating type OAuth
[2026-08-16 23:03:21Z INFO CredentialManager] Creating credential type: OAuth
[2026-08-16 23:03:21Z INFO HostContext] Well known directory 'Bin': 'D:\Devops insider class\github repo\di-b18-infra-main\new-cicd-pipeline\actions-runner\bin'
[2026-08-16 23:03:21Z INFO HostContext] Well known directory 'Root': 'D:\Devops insider class\github repo\di-b18-infra-main\new-cicd-pipeline\actions-runner'
[2026-08-16 23:03:21Z INFO HostContext] Well known config file 'RSACredentials': 'D:\Devops insider class\github repo\di-b18-infra-main\new-cicd-pipeline\actions-runner\.credentials_rsaparams'
[2026-08-16 23:03:21Z INFO RSAEncryptedFileKeyManager] Loading RSA key parameters from file D:\Devops insider class\github repo\di-b18-infra-main\new-cicd-pipeline\actions-runner\.credentials_rsaparams
[2026-08-16 23:03:21Z INFO BrokerMessageListener] Attempt to create session.
[2026-08-16 23:03:21Z INFO BrokerMessageListener] Connecting to the Broker Server...
[2026-08-16 23:03:21Z INFO ConfigurationStore] HasCredentials()
[2026-08-16 23:03:21Z INFO ConfigurationStore] stored True
[2026-08-16 23:03:21Z INFO CredentialManager] GetCredentialProvider
[2026-08-16 23:03:21Z INFO CredentialManager] Creating type OAuth
[2026-08-16 23:03:21Z INFO CredentialManager] Creating credential type: OAuth
[2026-08-16 23:03:21Z INFO RSAEncryptedFileKeyManager] Loading RSA key parameters from file D:\Devops insider class\github repo\di-b18-infra-main\new-cicd-pipeline\actions-runner\.credentials_rsaparams
[2026-08-16 23:03:21Z INFO BrokerMessageListener] VssConnection created
[2026-08-16 23:03:21Z INFO BrokerMessageListener] Connecting to the Runner server...
[2026-08-16 23:03:21Z INFO RunnerServer] EstablishVssConnection
[2026-08-16 23:03:21Z INFO RunnerServer] Establish connection with 100 seconds timeout.
[2026-08-16 23:03:21Z INFO GitHubActionsService] Starting operation Location.GetConnectionData
[2026-08-16 23:03:21Z INFO RunnerServer] EstablishVssConnection
[2026-08-16 23:03:21Z INFO RunnerServer] Establish connection with 60 seconds timeout.
[2026-08-16 23:03:21Z INFO GitHubActionsService] Starting operation Location.GetConnectionData
[2026-08-16 23:03:21Z INFO RunnerServer] EstablishVssConnection
[2026-08-16 23:03:21Z INFO RunnerServer] Establish connection with 60 seconds timeout.
[2026-08-16 23:03:21Z INFO GitHubActionsService] Starting operation Location.GetConnectionData
[2026-08-16 23:03:23Z INFO GitHubActionsService] Finished operation Location.GetConnectionData
[2026-08-16 23:03:23Z INFO GitHubActionsService] Finished operation Location.GetConnectionData
[2026-08-16 23:03:23Z INFO GitHubActionsService] Finished operation Location.GetConnectionData
[2026-08-16 23:03:23Z INFO BrokerMessageListener] VssConnection created
[2026-08-16 23:03:23Z INFO Terminal] WRITE LINE: 
[2026-08-16 23:03:23Z INFO Terminal] WRITE LINE: 
[2026-08-16 23:03:23Z INFO RSAEncryptedFileKeyManager] Loading RSA key parameters from file D:\Devops insider class\github repo\di-b18-infra-main\new-cicd-pipeline\actions-runner\.credentials_rsaparams
[2026-08-16 23:03:23Z INFO RSAEncryptedFileKeyManager] Loading RSA key parameters from file D:\Devops insider class\github repo\di-b18-infra-main\new-cicd-pipeline\actions-runner\.credentials_rsaparams
[2026-08-16 23:03:24Z INFO GitHubActionsService] AAD Correlation ID for this token request: Unknown
[2026-08-16 23:03:25Z INFO BrokerMessageListener] Session created.
[2026-08-16 23:03:25Z INFO Terminal] WRITE LINE: Current runner version: '2.336.0'
[2026-08-16 23:03:25Z INFO Terminal] WRITE LINE: 2026-08-16 23:03:25Z: Listening for Jobs
[2026-08-16 23:03:25Z INFO JobDispatcher] Set runner/worker IPC timeout to 30 seconds.
[2026-08-16 23:06:18Z INFO HostContext] Runner will be shutdown for UserCancelled
[2026-08-16 23:06:18Z WARN GitHubActionsService] GET request to https://broker.actions.githubusercontent.com/message?sessionId=3cfc8921-c8ac-48a1-967b-ca2fda95190d&status=Online&runnerVersion=2.336.0&os=Windows&architecture=X64&disableUpdate=false has been cancelled.
[2026-08-16 23:06:18Z ERR  BrokerServer] Catch exception during request
[2026-08-16 23:06:18Z ERR  BrokerServer] System.Threading.Tasks.TaskCanceledException: The operation was canceled.
 ---> System.Threading.Tasks.TaskCanceledException: The operation was canceled.
 ---> System.IO.IOException: Unable to read data from the transport connection: The I/O operation has been aborted because of either a thread exit or an application request..
 ---> System.Net.Sockets.SocketException (995): The I/O operation has been aborted because of either a thread exit or an application request.
   --- End of inner exception stack trace ---
   at System.Net.Sockets.Socket.AwaitableSocketAsyncEventArgs.ThrowException(SocketError error, CancellationToken cancellationToken)
   at System.Net.Sockets.Socket.AwaitableSocketAsyncEventArgs.System.Threading.Tasks.Sources.IValueTaskSource<System.Int32>.GetResult(Int16 token)
   at System.Net.Security.SslStream.EnsureFullTlsFrameAsync[TIOAdapter](CancellationToken cancellationToken, Int32 estimatedSize)
   at System.Runtime.CompilerServices.PoolingAsyncValueTaskMethodBuilder`1.StateMachineBox`1.System.Threading.Tasks.Sources.IValueTaskSource<TResult>.GetResult(Int16 token)
   at System.Net.Security.SslStream.ReadAsyncInternal[TIOAdapter](Memory`1 buffer, CancellationToken cancellationToken)
   at System.Runtime.CompilerServices.PoolingAsyncValueTaskMethodBuilder`1.StateMachineBox`1.System.Threading.Tasks.Sources.IValueTaskSource<TResult>.GetResult(Int16 token)
   at System.Net.Http.HttpConnection.SendAsync(HttpRequestMessage request, Boolean async, CancellationToken cancellationToken)
   --- End of inner exception stack trace ---
   at System.Net.Http.HttpConnection.SendAsync(HttpRequestMessage request, Boolean async, CancellationToken cancellationToken)
   at System.Net.Http.AuthenticationHelper.SendWithNtAuthAsync(HttpRequestMessage request, Uri authUri, Boolean async, ICredentials credentials, Boolean isProxyAuth, HttpConnection connection, HttpConnectionPool connectionPool, CancellationToken cancellationToken)
   at System.Net.Http.HttpConnectionPool.SendWithVersionDetectionAndRetryAsync(HttpRequestMessage request, Boolean async, Boolean doRequestAuth, CancellationToken cancellationToken)
   at System.Net.Http.AuthenticationHelper.SendWithAuthAsync(HttpRequestMessage request, Uri authUri, Boolean async, ICredentials credentials, Boolean preAuthenticate, Boolean isProxyAuth, Boolean doRequestAuth, HttpConnectionPool pool, CancellationToken cancellationToken)
   at System.Net.Http.RedirectHandler.SendAsync(HttpRequestMessage request, Boolean async, CancellationToken cancellationToken)
   at GitHub.Services.Common.RawHttpMessageHandler.SendAsync(HttpRequestMessage request, CancellationToken cancellationToken)
   at GitHub.Services.Common.VssHttpRetryMessageHandler.SendAsync(HttpRequestMessage request, CancellationToken cancellationToken)
   at System.Net.Http.HttpClient.<SendAsync>g__Core|83_0(HttpRequestMessage request, HttpCompletionOption completionOption, CancellationTokenSource cts, Boolean disposeCts, CancellationTokenSource pendingRequestsCts, CancellationToken originalCancellationToken)
   --- End of inner exception stack trace ---
   at System.Net.Http.HttpClient.HandleFailure(Exception e, Boolean telemetryStarted, HttpResponseMessage response, CancellationTokenSource cts, CancellationToken cancellationToken, CancellationTokenSource pendingRequestsCts)
   at System.Net.Http.HttpClient.<SendAsync>g__Core|83_0(HttpRequestMessage request, HttpCompletionOption completionOption, CancellationTokenSource cts, Boolean disposeCts, CancellationTokenSource pendingRequestsCts, CancellationToken originalCancellationToken)
   at Sdk.WebApi.WebApi.RawHttpClientBase.SendAsync(HttpRequestMessage message, HttpCompletionOption completionOption, Object userState, CancellationToken cancellationToken)
   at Sdk.WebApi.WebApi.RawHttpClientBase.SendAsync[T](HttpRequestMessage message, Boolean readErrorBody, Object userState, CancellationToken cancellationToken)
   at Sdk.WebApi.WebApi.RawHttpClientBase.SendAsync[T](HttpMethod method, IEnumerable`1 additionalHeaders, Uri requestUri, HttpContent content, IEnumerable`1 queryParameters, Boolean readErrorBody, Object userState, CancellationToken cancellationToken)
   at GitHub.Actions.RunService.WebApi.BrokerHttpClient.GetRunnerMessageAsync(Nullable`1 sessionId, String runnerVersion, Nullable`1 status, String os, String architecture, Nullable`1 disableUpdate, CancellationToken cancellationToken)
   at GitHub.Runner.Common.BrokerServer.<>c__DisplayClass7_0.<<GetRunnerMessageAsync>b__0>d.MoveNext()
--- End of stack trace from previous location ---
   at GitHub.Runner.Common.RunnerService.RetryRequest[T](Func`1 func, CancellationToken cancellationToken, Int32 maxAttempts, Func`2 shouldRetry)
[2026-08-16 23:06:18Z ERR  BrokerServer] #####################################################
[2026-08-16 23:06:18Z ERR  BrokerServer] System.Threading.Tasks.TaskCanceledException: The operation was canceled.
 ---> System.IO.IOException: Unable to read data from the transport connection: The I/O operation has been aborted because of either a thread exit or an application request..
 ---> System.Net.Sockets.SocketException (995): The I/O operation has been aborted because of either a thread exit or an application request.
   --- End of inner exception stack trace ---
   at System.Net.Sockets.Socket.AwaitableSocketAsyncEventArgs.ThrowException(SocketError error, CancellationToken cancellationToken)
   at System.Net.Sockets.Socket.AwaitableSocketAsyncEventArgs.System.Threading.Tasks.Sources.IValueTaskSource<System.Int32>.GetResult(Int16 token)
   at System.Net.Security.SslStream.EnsureFullTlsFrameAsync[TIOAdapter](CancellationToken cancellationToken, Int32 estimatedSize)
   at System.Runtime.CompilerServices.PoolingAsyncValueTaskMethodBuilder`1.StateMachineBox`1.System.Threading.Tasks.Sources.IValueTaskSource<TResult>.GetResult(Int16 token)
   at System.Net.Security.SslStream.ReadAsyncInternal[TIOAdapter](Memory`1 buffer, CancellationToken cancellationToken)
   at System.Runtime.CompilerServices.PoolingAsyncValueTaskMethodBuilder`1.StateMachineBox`1.System.Threading.Tasks.Sources.IValueTaskSource<TResult>.GetResult(Int16 token)
   at System.Net.Http.HttpConnection.SendAsync(HttpRequestMessage request, Boolean async, CancellationToken cancellationToken)
   --- End of inner exception stack trace ---
   at System.Net.Http.HttpConnection.SendAsync(HttpRequestMessage request, Boolean async, CancellationToken cancellationToken)
   at System.Net.Http.AuthenticationHelper.SendWithNtAuthAsync(HttpRequestMessage request, Uri authUri, Boolean async, ICredentials credentials, Boolean isProxyAuth, HttpConnection connection, HttpConnectionPool connectionPool, CancellationToken cancellationToken)
   at System.Net.Http.HttpConnectionPool.SendWithVersionDetectionAndRetryAsync(HttpRequestMessage request, Boolean async, Boolean doRequestAuth, CancellationToken cancellationToken)
   at System.Net.Http.AuthenticationHelper.SendWithAuthAsync(HttpRequestMessage request, Uri authUri, Boolean async, ICredentials credentials, Boolean preAuthenticate, Boolean isProxyAuth, Boolean doRequestAuth, HttpConnectionPool pool, CancellationToken cancellationToken)
   at System.Net.Http.RedirectHandler.SendAsync(HttpRequestMessage request, Boolean async, CancellationToken cancellationToken)
   at GitHub.Services.Common.RawHttpMessageHandler.SendAsync(HttpRequestMessage request, CancellationToken cancellationToken)
   at GitHub.Services.Common.VssHttpRetryMessageHandler.SendAsync(HttpRequestMessage request, CancellationToken cancellationToken)
   at System.Net.Http.HttpClient.<SendAsync>g__Core|83_0(HttpRequestMessage request, HttpCompletionOption completionOption, CancellationTokenSource cts, Boolean disposeCts, CancellationTokenSource pendingRequestsCts, CancellationToken originalCancellationToken)
[2026-08-16 23:06:18Z ERR  BrokerServer] #####################################################
[2026-08-16 23:06:18Z ERR  BrokerServer] System.IO.IOException: Unable to read data from the transport connection: The I/O operation has been aborted because of either a thread exit or an application request..
 ---> System.Net.Sockets.SocketException (995): The I/O operation has been aborted because of either a thread exit or an application request.
   --- End of inner exception stack trace ---
   at System.Net.Sockets.Socket.AwaitableSocketAsyncEventArgs.ThrowException(SocketError error, CancellationToken cancellationToken)
   at System.Net.Sockets.Socket.AwaitableSocketAsyncEventArgs.System.Threading.Tasks.Sources.IValueTaskSource<System.Int32>.GetResult(Int16 token)
   at System.Net.Security.SslStream.EnsureFullTlsFrameAsync[TIOAdapter](CancellationToken cancellationToken, Int32 estimatedSize)
   at System.Runtime.CompilerServices.PoolingAsyncValueTaskMethodBuilder`1.StateMachineBox`1.System.Threading.Tasks.Sources.IValueTaskSource<TResult>.GetResult(Int16 token)
   at System.Net.Security.SslStream.ReadAsyncInternal[TIOAdapter](Memory`1 buffer, CancellationToken cancellationToken)
   at System.Runtime.CompilerServices.PoolingAsyncValueTaskMethodBuilder`1.StateMachineBox`1.System.Threading.Tasks.Sources.IValueTaskSource<TResult>.GetResult(Int16 token)
   at System.Net.Http.HttpConnection.SendAsync(HttpRequestMessage request, Boolean async, CancellationToken cancellationToken)
[2026-08-16 23:06:18Z ERR  BrokerServer] #####################################################
[2026-08-16 23:06:18Z ERR  BrokerServer] System.Net.Sockets.SocketException (995): The I/O operation has been aborted because of either a thread exit or an application request.
[2026-08-16 23:06:18Z WARN BrokerServer] Back off 9.903 seconds before next retry. 4 attempt left.
[2026-08-16 23:06:18Z INFO BrokerMessageListener] Get next message has been cancelled.
[2026-08-16 23:06:18Z INFO JobDispatcher] Shutting down JobDispatcher. Make sure all WorkerDispatcher has finished.
[2026-08-16 23:06:18Z INFO Runner] Deleting Runner Session...
